\BOOKMARK [1][-]{section*.3}{\376\377\000I\000n\000t\000r\000o\000d\000u\000c\000t\000i\000o\000n\000\040\000g\000\351\000n\000\351\000r\000a\000l\000e}{}% 1
\BOOKMARK [1][-]{section.1}{\376\377\000P\000r\000\351\000s\000e\000n\000t\000a\000t\000i\000o\000n\000\040\000d\000e\000s\000\040\000d\000e\000u\000x\000\040\000e\000n\000v\000e\000l\000o\000p\000p\000e\000s\000\040\000f\000i\000s\000c\000a\000l\000e\000s}{}% 2
\BOOKMARK [2][-]{subsection.1.1}{\376\377\000A\000s\000s\000u\000r\000a\000n\000c\000e\000-\000v\000i\000e}{section.1}% 3
\BOOKMARK [3][-]{subsubsection.1.1.1}{\376\377\000F\000o\000n\000c\000t\000i\000o\000n\000n\000e\000m\000e\000n\000t\000\040\000e\000t\000\040\000f\000r\000a\000i\000s}{subsection.1.1}% 4
\BOOKMARK [3][-]{subsubsection.1.1.2}{\376\377\000F\000i\000s\000c\000a\000l\000i\000t\000\351\000\040\000d\000e\000s\000\040\000r\000e\000t\000r\000a\000i\000t\000s\000\040\000\050\000r\000a\000c\000h\000a\000t\000s\000\051}{subsection.1.1}% 5
\BOOKMARK [3][-]{subsubsection.1.1.3}{\376\377\000F\000i\000s\000c\000a\000l\000i\000t\000\351\000\040\000e\000n\000\040\000c\000a\000s\000\040\000d\000e\000\040\000t\000r\000a\000n\000s\000m\000i\000s\000s\000i\000o\000n}{subsection.1.1}% 6
\BOOKMARK [2][-]{subsection.1.2}{\376\377\000C\000o\000m\000p\000t\000e\000-\000T\000i\000t\000r\000e\000s\000\040\000O\000r\000d\000i\000n\000a\000i\000r\000e\000\040\000\050\000C\000T\000O\000\051}{section.1}% 7
\BOOKMARK [3][-]{subsubsection.1.2.1}{\376\377\000F\000o\000n\000c\000t\000i\000o\000n\000n\000e\000m\000e\000n\000t\000\040\000e\000t\000\040\000f\000r\000a\000i\000s}{subsection.1.2}% 8
\BOOKMARK [3][-]{subsubsection.1.2.2}{\376\377\000F\000i\000s\000c\000a\000l\000i\000t\000\351\000\040\000e\000n\000\040\000c\000a\000s\000\040\000d\000e\000\040\000t\000r\000a\000n\000s\000m\000i\000s\000s\000i\000o\000n}{subsection.1.2}% 9
\BOOKMARK [1][-]{section.2}{\376\377\000A\000n\000a\000l\000y\000s\000e\000\040\000c\000o\000m\000p\000a\000r\000a\000t\000i\000v\000e}{}% 10
\BOOKMARK [2][-]{subsection.2.1}{\376\377\000N\000o\000t\000a\000t\000i\000o\000n\000s\000\040\000e\000t\000\040\000h\000y\000p\000o\000t\000h\000\350\000s\000e\000s}{section.2}% 11
\BOOKMARK [2][-]{subsection.2.2}{\376\377\000F\000o\000r\000m\000u\000l\000a\000t\000i\000o\000n\000\040\000d\000e\000s\000\040\000d\000r\000o\000i\000t\000s\000\040\000d\000e\000\040\000s\000u\000c\000c\000e\000s\000s\000i\000o\000n}{section.2}% 12
\BOOKMARK [2][-]{subsection.2.3}{\376\377\000D\000i\000f\000f\000\351\000r\000e\000n\000c\000e\000\040\000d\000'\000h\000\351\000r\000i\000t\000a\000g\000e\000\040\000n\000e\000t}{section.2}% 13
\BOOKMARK [1][-]{section.3}{\376\377\000S\000i\000m\000u\000l\000a\000t\000i\000o\000n\000s\000\040\000n\000u\000m\000\351\000r\000i\000q\000u\000e\000s\000\040\000s\000a\000n\000s\000\040\000r\000e\000t\000r\000a\000i\000t}{}% 14
\BOOKMARK [2][-]{subsection.3.1}{\376\377\000M\000\351\000t\000h\000o\000d\000o\000l\000o\000g\000i\000e}{section.3}% 15
\BOOKMARK [2][-]{subsection.3.2}{\376\377\000C\000a\000s\000\040\0001\000\040\000:\000\040\000p\000a\000t\000r\000i\000m\000o\000i\000n\000e\000\040\000h\000o\000r\000s\000\040\000C\000T\000O\000\040\000d\000e\000\040\000u\000n\000\040\000m\000i\000l\000l\000i\000o\000n\000\040\000d\000'\000e\000u\000r\000o\000s}{section.3}% 16
\BOOKMARK [2][-]{subsection.3.3}{\376\377\000C\000a\000s\000\040\0002\000\040\000:\000\040\000p\000a\000t\000r\000i\000m\000o\000i\000n\000e\000\040\000h\000o\000r\000s\000\040\000C\000T\000O\000\040\000d\000e\000\040\0003\0000\0000\000\040\0000\0000\0000\000\040\000e\000u\000r\000o\000s}{section.3}% 17
\BOOKMARK [2][-]{subsection.3.4}{\376\377\000T\000r\000a\000n\000s\000m\000i\000s\000s\000i\000o\000n\000\040\000e\000n\000\040\000l\000i\000g\000n\000e\000\040\000i\000n\000d\000i\000r\000e\000c\000t\000e}{section.3}% 18
\BOOKMARK [2][-]{subsection.3.5}{\376\377\000Q\000u\000e\000l\000q\000u\000e\000s\000\040\000a\000n\000a\000l\000y\000s\000e\000s\000\040\000d\000e\000\040\000s\000e\000n\000s\000i\000b\000i\000l\000i\000t\000\351}{section.3}% 19
\BOOKMARK [3][-]{subsubsection.3.5.1}{\376\377\000T\000r\000a\000n\000s\000m\000i\000s\000s\000i\000o\000n\000\040\000e\000n\000\040\000l\000i\000g\000n\000e\000\040\000d\000i\000r\000e\000c\000t\000e\000\040\000a\000v\000e\000c\000\040\000p\000a\000t\000r\000i\000m\000o\000i\000n\000e\000\040\000i\000m\000p\000o\000r\000t\000a\000n\000t}{subsection.3.5}% 20
\BOOKMARK [3][-]{subsubsection.3.5.2}{\376\377\000T\000r\000a\000n\000s\000m\000i\000s\000s\000i\000o\000n\000\040\000e\000n\000\040\000l\000i\000g\000n\000e\000\040\000i\000n\000d\000i\000r\000e\000c\000t\000e}{subsection.3.5}% 21
\BOOKMARK [1][-]{section.4}{\376\377\000C\000o\000n\000c\000l\000u\000s\000i\000o\000n\000\040\000g\000\351\000n\000\351\000r\000a\000l\000e}{}% 22
\BOOKMARK [1][-]{section.4}{\376\377\000C\000o\000n\000c\000l\000u\000s\000i\000o\000n\000\040\000g\000\351\000n\000\351\000r\000a\000l\000e}{}% 23
